// Jest Snapshot v1, https://goo.gl/fbAQLP

exports[`Should ErrorNetwork render correctly 1 1`] = `
<section
  className="error-network-hide"
>
  <div
    className="error-network-hide__container"
  >
    <button
      className="error-network-hide__btn"
      onClick={[Function]}
      type="button"
    >
      Произошла ошибка
    </button>
  </div>
</section>
`;
